[INFO] Scanning for projects...
[INFO] 
[INFO] -----------------< com.example:fir-blockchain-backend >-----------------
[INFO] Building FIR Blockchain Backend 0.0.1-SNAPSHOT
[INFO]   from pom.xml
[INFO] --------------------------------[ jar ]---------------------------------
[INFO] 
[INFO] --- clean:3.3.2:clean (default-clean) @ fir-blockchain-backend ---
[INFO] Deleting D:\Downloads\Revolutionising-Law-Enforcement\backend\target
[INFO] 
[INFO] --- resources:3.3.1:resources (default-resources) @ fir-blockchain-backend ---
[INFO] Copying 1 resource from src\main\resources to target\classes
[INFO] Copying 0 resource from src\main\resources to target\classes
[INFO] 
[INFO] --- compiler:3.11.0:compile (default-compile) @ fir-blockchain-backend ---
[INFO] Changes detected - recompiling the module! :source
[INFO] Compiling 34 source files with javac [debug release 17] to target\classes
[INFO] Annotation processing is enabled because one or more processors were found
  on the class path. A future release of javac may disable annotation processing
  unless at least one processor is specified by name (-processor), or a search
  path is specified (--processor-path, --processor-module-path), or annotation
  processing is enabled explicitly (-proc:only, -proc:full).
  Use -Xlint:-options to suppress this message.
  Use -proc:none to disable annotation processing.
[INFO] ------------------------------------------------------------------------
[INFO] BUILD SUCCESS
[INFO] ------------------------------------------------------------------------
[INFO] Total time:  7.335 s
[INFO] Finished at: 2026-03-29T13:04:29+05:30
[INFO] ------------------------------------------------------------------------
