[INFO] Scanning for projects...
[INFO] 
[INFO] -----------------< com.example:fir-blockchain-backend >-----------------
[INFO] Building FIR Blockchain Backend 0.0.1-SNAPSHOT
[INFO]   from pom.xml
[INFO] --------------------------------[ jar ]---------------------------------
[INFO] 
[INFO] --- clean:3.3.2:clean (default-clean) @ fir-blockchain-backend ---
[INFO] Deleting D:\Downloads\Revolutionising-Law-Enforcement\backend\target
[INFO] 
[INFO] --- resources:3.3.1:resources (default-resources) @ fir-blockchain-backend ---
[INFO] Copying 1 resource from src\main\resources to target\classes
[INFO] Copying 0 resource from src\main\resources to target\classes
[INFO] 
[INFO] --- compiler:3.11.0:compile (default-compile) @ fir-blockchain-backend ---
[INFO] Changes detected - recompiling the module! :source
[INFO] Compiling 22 source files with javac [debug release 17] to target\classes
[INFO] Annotation processing is enabled because one or more processors were found
  on the class path. A future release of javac may disable annotation processing
  unless at least one processor is specified by name (-processor), or a search
  path is specified (--processor-path, --processor-module-path), or annotation
  processing is enabled explicitly (-proc:only, -proc:full).
  Use -Xlint:-options to suppress this message.
  Use -proc:none to disable annotation processing.
[INFO] -------------------------------------------------------------
[ERROR] COMPILATION ERROR : 
[INFO] -------------------------------------------------------------
[ERROR] /D:/Downloads/Revolutionising-Law-Enforcement/backend/src/main/java/com/example/firblockchainbackend/controller/FIRController.java:[35,114] cannot find symbol
  symbol:   method orElse(<nulltype>)
  location: class com.example.firblockchainbackend.model.User
[INFO] 1 error
[INFO] -------------------------------------------------------------
[INFO] ------------------------------------------------------------------------
[INFO] BUILD FAILURE
[INFO] ------------------------------------------------------------------------
[INFO] Total time:  11.461 s
[INFO] Finished at: 2026-03-29T09:45:11+05:30
[INFO] ------------------------------------------------------------------------
[ERROR] Failed to execute goal org.apache.maven.plugins:maven-compiler-plugin:3.11.0:compile (default-compile) on project fir-blockchain-backend: Compilation failure
[ERROR] /D:/Downloads/Revolutionising-Law-Enforcement/backend/src/main/java/com/example/firblockchainbackend/controller/FIRController.java:[35,114] cannot find symbol
[ERROR]   symbol:   method orElse(<nulltype>)
[ERROR]   location: class com.example.firblockchainbackend.model.User
[ERROR] -> [Help 1]
[ERROR] 
[ERROR] To see the full stack trace of the errors, re-run Maven with the -e switch.
[ERROR] Re-run Maven using the -X switch to enable full debug logging.
[ERROR] 
[ERROR] For more information about the errors and possible solutions, please read the following articles:
[ERROR] [Help 1] http://cwiki.apache.org/confluence/display/MAVEN/MojoFailureException
